src/lib/prisma.ts(1,10): error TS2305: Module '"@prisma/client"' has no exported member 'PrismaClient'.
src/services/sorobanEventListener.ts(3,15): error TS2305: Module '"@prisma/client"' has no exported member 'OnChainPrice'.
